// Jest Snapshot v1, https://goo.gl/fbAQLP

exports[`components/select_team/components/SelectTeamItem should match snapshot, on loading 1`] = `
<div
  className="signup-team-dir"
>
  <a
    className=""
    href="#"
    id="team_display_name"
    onClick={[Function]}
  >
    <span
      className="signup-team-dir__name"
    >
      team_display_name
    </span>
    <LocalizedIcon
      className="fa fa-angle-right right signup-team__icon"
      component="span"
      title={
        Object {
          "defaultMessage": "Join Team Icon",
          "id": "select_team.join.icon",
        }
      }
    />
  </a>
</div>
`;

exports[`components/select_team/components/SelectTeamItem should match snapshot, on private joinable 1`] = `
<div
  className="signup-team-dir"
>
  <a
    className=""
    href="#"
    id="team_display_name"
    onClick={[Function]}
  >
    <span
      className="signup-team-dir__name"
    >
      team_display_name
    </span>
    <LocalizedIcon
      className="fa fa-angle-right right signup-team__icon"
      component="span"
      title={
        Object {
          "defaultMessage": "Join Team Icon",
          "id": "select_team.join.icon",
        }
      }
    />
  </a>
</div>
`;

exports[`components/select_team/components/SelectTeamItem should match snapshot, on private not joinable 1`] = `
<div
  className="signup-team-dir"
>
  <a
    className=""
    href="#"
    id="team_display_name"
    onClick={[Function]}
  >
    <span
      className="signup-team-dir__name"
    >
      team_display_name
    </span>
    <LocalizedIcon
      className="fa fa-angle-right right signup-team__icon"
      component="span"
      title={
        Object {
          "defaultMessage": "Join Team Icon",
          "id": "select_team.join.icon",
        }
      }
    />
  </a>
</div>
`;

exports[`components/select_team/components/SelectTeamItem should match snapshot, on public joinable 1`] = `
<div
  className="signup-team-dir"
>
  <a
    className=""
    href="#"
    id="team_display_name"
    onClick={[Function]}
  >
    <span
      className="signup-team-dir__name"
    >
      team_display_name
    </span>
    <LocalizedIcon
      className="fa fa-angle-right right signup-team__icon"
      component="span"
      title={
        Object {
          "defaultMessage": "Join Team Icon",
          "id": "select_team.join.icon",
        }
      }
    />
  </a>
</div>
`;

exports[`components/select_team/components/SelectTeamItem should match snapshot, on public not joinable 1`] = `
<div
  className="signup-team-dir"
>
  <a
    className=""
    href="#"
    id="team_display_name"
    onClick={[Function]}
  >
    <span
      className="signup-team-dir__name"
    >
      team_display_name
    </span>
    <LocalizedIcon
      className="fa fa-angle-right right signup-team__icon"
      component="span"
      title={
        Object {
          "defaultMessage": "Join Team Icon",
          "id": "select_team.join.icon",
        }
      }
    />
  </a>
</div>
`;

exports[`components/select_team/components/SelectTeamItem should match snapshot, with description 1`] = `
<div
  className="signup-team-dir"
>
  <a
    className=""
    href="#"
    id="team_display_name"
    onClick={[Function]}
  >
    <span
      className="signup-team-dir__name"
    >
      team_display_name
    </span>
    <LocalizedIcon
      className="fa fa-angle-right right signup-team__icon"
      component="span"
      title={
        Object {
          "defaultMessage": "Join Team Icon",
          "id": "select_team.join.icon",
        }
      }
    />
  </a>
</div>
`;
